---
source: src/mqtt/manager.rs
expression: messages

---
- topic: hikvision_cameras/device_cam1/ch1/Motion
  qos: AtLeastOnce
  retain: true
  payload:
    Json:
      alerting: false
      regions: []

